###############################################################################
#
# IAR ELF Linker V8.42.1.236/W32 for ARM                  25/Jul/2024  10:46:19
# Copyright 2007-2019 IAR Systems AB.
#
#    Output file  =  C:\github\Lockdown\EWARM\Lockdown\Exe\Lockdown.out
#    Map file     =  C:\github\Lockdown\EWARM\Lockdown\List\Lockdown.map
#    Command line =
#        -f C:\Users\skruegel\AppData\Local\Temp\EWEDC2.tmp
#        (C:\github\Lockdown\EWARM\Lockdown\Obj\gpio.o
#        C:\github\Lockdown\EWARM\Lockdown\Obj\main.o
#        C:\github\Lockdown\EWARM\Lockdown\Obj\startup_stm32f429xx.o
#        C:\github\Lockdown\EWARM\Lockdown\Obj\stm32f4xx_hal.o
#        C:\github\Lockdown\EWARM\Lockdown\Obj\stm32f4xx_hal_cortex.o
#        C:\github\Lockdown\EWARM\Lockdown\Obj\stm32f4xx_hal_dma.o
#        C:\github\Lockdown\EWARM\Lockdown\Obj\stm32f4xx_hal_dma_ex.o
#        C:\github\Lockdown\EWARM\Lockdown\Obj\stm32f4xx_hal_eth.o
#        C:\github\Lockdown\EWARM\Lockdown\Obj\stm32f4xx_hal_exti.o
#        C:\github\Lockdown\EWARM\Lockdown\Obj\stm32f4xx_hal_flash.o
#        C:\github\Lockdown\EWARM\Lockdown\Obj\stm32f4xx_hal_flash_ex.o
#        C:\github\Lockdown\EWARM\Lockdown\Obj\stm32f4xx_hal_flash_ramfunc.o
#        C:\github\Lockdown\EWARM\Lockdown\Obj\stm32f4xx_hal_gpio.o
#        C:\github\Lockdown\EWARM\Lockdown\Obj\stm32f4xx_hal_msp.o
#        C:\github\Lockdown\EWARM\Lockdown\Obj\stm32f4xx_hal_pcd.o
#        C:\github\Lockdown\EWARM\Lockdown\Obj\stm32f4xx_hal_pcd_ex.o
#        C:\github\Lockdown\EWARM\Lockdown\Obj\stm32f4xx_hal_pwr.o
#        C:\github\Lockdown\EWARM\Lockdown\Obj\stm32f4xx_hal_pwr_ex.o
#        C:\github\Lockdown\EWARM\Lockdown\Obj\stm32f4xx_hal_rcc.o
#        C:\github\Lockdown\EWARM\Lockdown\Obj\stm32f4xx_hal_rcc_ex.o
#        C:\github\Lockdown\EWARM\Lockdown\Obj\stm32f4xx_hal_tim.o
#        C:\github\Lockdown\EWARM\Lockdown\Obj\stm32f4xx_hal_tim_ex.o
#        C:\github\Lockdown\EWARM\Lockdown\Obj\stm32f4xx_hal_uart.o
#        C:\github\Lockdown\EWARM\Lockdown\Obj\stm32f4xx_it.o
#        C:\github\Lockdown\EWARM\Lockdown\Obj\stm32f4xx_ll_usb.o
#        C:\github\Lockdown\EWARM\Lockdown\Obj\system_stm32f4xx.o
#        C:\github\Lockdown\EWARM\Lockdown\Obj\tim.o
#        C:\github\Lockdown\EWARM\Lockdown\Obj\usart.o --no_out_extension -o
#        C:\github\Lockdown\EWARM\Lockdown\Exe\Lockdown.out --redirect
#        _Printf=_PrintfFullNoMb --redirect _Scanf=_ScanfFullNoMb --map
#        C:\github\Lockdown\EWARM\Lockdown\List\Lockdown.map --config
#        C:\github\Lockdown\EWARM/stm32f429xx_flash.icf --semihosting --entry
#        __iar_program_start --vfe --text_out locale)
#
###############################################################################

*******************************************************************************
*** RUNTIME MODEL ATTRIBUTES
***

CppFlavor       = *
__SystemLibrary = DLib
__dlib_version  = 6


*******************************************************************************
*** HEAP SELECTION
***

The basic heap was selected because no calls to memory allocation
functions were found in the application outside of system library
functions, and there are calls to deallocation functions in the
application.


*******************************************************************************
*** PLACEMENT SUMMARY
***

"A0":  place at address 0x800'0000 { ro section .intvec };
"P1":  place in [from 0x800'0000 to 0x81f'ffff] { ro };
define block CSTACK with size = 1K, alignment = 8 { };
define block HEAP with size = 512, alignment = 8 { };
"P2":  place in [from 0x2000'0000 to 0x2002'ffff] {
          rw, block CSTACK, block HEAP };
initialize by copy { rw };

  Section            Kind         Address    Size  Object
  -------            ----         -------    ----  ------
"A0":                                       0x1ac
  .intvec            ro code   0x800'0000   0x1ac  startup_stm32f429xx.o [1]
                             - 0x800'01ac   0x1ac

"P1":                                      0x144c
  .text              ro code   0x800'01ac   0x31c  stm32f4xx_hal_rcc.o [1]
  .text              ro code   0x800'04c8     0xc  stm32f4xx_hal.o [1]
  .text              ro code   0x800'04d4   0x240  stm32f4xx_hal_tim.o [1]
  .text              ro code   0x800'0714    0xf4  tim.o [1]
  .text              ro code   0x800'0808    0x14  memset.o [4]
  .text              ro code   0x800'081c    0xd8  main.o [1]
  .text              ro code   0x800'08f4    0x8c  stm32f4xx_hal_tim_ex.o [1]
  .text              ro code   0x800'0980    0x66  ABImemset.o [4]
  .text              ro code   0x800'09e6    0x3a  zero_init3.o [4]
  .text              ro code   0x800'0a20    0x34  stm32f4xx_hal.o [1]
  .text              ro code   0x800'0a54   0x10a  gpio.o [1]
  .text              ro code   0x800'0b5e    0x2e  copy_init3.o [4]
  .text              ro code   0x800'0b8c    0xa4  usart.o [1]
  .text              ro code   0x800'0c30   0x214  stm32f4xx_hal_gpio.o [1]
  .text              ro code   0x800'0e44   0x1ac  stm32f4xx_hal_rcc.o [1]
  .text              ro code   0x800'0ff0    0xac  stm32f4xx_hal_cortex.o [1]
  .text              ro code   0x800'109c    0x40  stm32f4xx_hal.o [1]
  .text              ro code   0x800'10dc    0x38  stm32f4xx_hal_msp.o [1]
  .text              ro code   0x800'1114   0x140  stm32f4xx_hal_uart.o [1]
  .text              ro code   0x800'1254   0x106  I64DivMod_small.o [4]
  .text              ro code   0x800'135c     0x2  I64DivZer.o [4]
  .text              ro code   0x800'1360    0x28  data_init.o [4]
  .text              ro code   0x800'1388    0x22  fpinit_M.o [3]
  .iar.init_table    const     0x800'13ac    0x24  - Linker created -
  .text              ro code   0x800'13d0    0x20  system_stm32f4xx.o [1]
  .text              ro code   0x800'13f0    0x1e  cmain.o [4]
  .text              ro code   0x800'140e     0x4  low_level_init.o [2]
  .text              ro code   0x800'1412     0x4  exit.o [2]
  .text              ro code   0x800'1418     0xa  cexit.o [4]
  .text              ro code   0x800'1424    0x14  exit.o [5]
  .text              ro code   0x800'1438    0x14  stm32f4xx_it.o [1]
  .text              ro code   0x800'144c    0x10  stm32f4xx_hal.o [1]
  .text              ro code   0x800'145c    0x10  startup_stm32f429xx.o [1]
  Initializer bytes  const     0x800'146c    0x10  <for P2-1>
  .text              ro code   0x800'147c     0xc  cstartup_M.o [4]
  .rodata            const     0x800'1488     0x8  system_stm32f4xx.o [1]
  .text              ro code   0x800'1490     0x4  startup_stm32f429xx.o [1]
  .text              ro code   0x800'1494     0x4  startup_stm32f429xx.o [1]
  .text              ro code   0x800'1498     0x4  startup_stm32f429xx.o [1]
  .text              ro code   0x800'149c     0x4  startup_stm32f429xx.o [1]
  .text              ro code   0x800'14a0     0x4  startup_stm32f429xx.o [1]
  .text              ro code   0x800'14a4     0x4  startup_stm32f429xx.o [1]
  .text              ro code   0x800'14a8     0x4  startup_stm32f429xx.o [1]
  .text              ro code   0x800'14ac     0x4  startup_stm32f429xx.o [1]
  .text              ro code   0x800'14b0     0x4  startup_stm32f429xx.o [1]
  .text              ro code   0x800'14b4     0x4  startup_stm32f429xx.o [1]
  .text              ro code   0x800'14b8     0x4  startup_stm32f429xx.o [1]
  .text              ro code   0x800'14bc     0x4  startup_stm32f429xx.o [1]
  .text              ro code   0x800'14c0     0x4  startup_stm32f429xx.o [1]
  .text              ro code   0x800'14c4     0x4  startup_stm32f429xx.o [1]
  .text              ro code   0x800'14c8     0x4  startup_stm32f429xx.o [1]
  .text              ro code   0x800'14cc     0x4  startup_stm32f429xx.o [1]
  .text              ro code   0x800'14d0     0x4  startup_stm32f429xx.o [1]
  .text              ro code   0x800'14d4     0x4  startup_stm32f429xx.o [1]
  .text              ro code   0x800'14d8     0x4  startup_stm32f429xx.o [1]
  .text              ro code   0x800'14dc     0x4  startup_stm32f429xx.o [1]
  .text              ro code   0x800'14e0     0x4  startup_stm32f429xx.o [1]
  .text              ro code   0x800'14e4     0x4  startup_stm32f429xx.o [1]
  .text              ro code   0x800'14e8     0x4  startup_stm32f429xx.o [1]
  .text              ro code   0x800'14ec     0x4  startup_stm32f429xx.o [1]
  .text              ro code   0x800'14f0     0x4  startup_stm32f429xx.o [1]
  .text              ro code   0x800'14f4     0x4  startup_stm32f429xx.o [1]
  .text              ro code   0x800'14f8     0x4  startup_stm32f429xx.o [1]
  .text              ro code   0x800'14fc     0x4  startup_stm32f429xx.o [1]
  .text              ro code   0x800'1500     0x4  startup_stm32f429xx.o [1]
  .text              ro code   0x800'1504     0x4  startup_stm32f429xx.o [1]
  .text              ro code   0x800'1508     0x4  startup_stm32f429xx.o [1]
  .text              ro code   0x800'150c     0x4  startup_stm32f429xx.o [1]
  .text              ro code   0x800'1510     0x4  startup_stm32f429xx.o [1]
  .text              ro code   0x800'1514     0x4  startup_stm32f429xx.o [1]
  .text              ro code   0x800'1518     0x4  startup_stm32f429xx.o [1]
  .text              ro code   0x800'151c     0x4  startup_stm32f429xx.o [1]
  .text              ro code   0x800'1520     0x4  startup_stm32f429xx.o [1]
  .text              ro code   0x800'1524     0x4  startup_stm32f429xx.o [1]
  .text              ro code   0x800'1528     0x4  startup_stm32f429xx.o [1]
  .text              ro code   0x800'152c     0x4  startup_stm32f429xx.o [1]
  .text              ro code   0x800'1530     0x4  startup_stm32f429xx.o [1]
  .text              ro code   0x800'1534     0x4  startup_stm32f429xx.o [1]
  .text              ro code   0x800'1538     0x4  startup_stm32f429xx.o [1]
  .text              ro code   0x800'153c     0x4  startup_stm32f429xx.o [1]
  .text              ro code   0x800'1540     0x4  startup_stm32f429xx.o [1]
  .text              ro code   0x800'1544     0x4  startup_stm32f429xx.o [1]
  .text              ro code   0x800'1548     0x4  startup_stm32f429xx.o [1]
  .text              ro code   0x800'154c     0x4  startup_stm32f429xx.o [1]
  .text              ro code   0x800'1550     0x4  startup_stm32f429xx.o [1]
  .text              ro code   0x800'1554     0x4  startup_stm32f429xx.o [1]
  .text              ro code   0x800'1558     0x4  startup_stm32f429xx.o [1]
  .text              ro code   0x800'155c     0x4  startup_stm32f429xx.o [1]
  .text              ro code   0x800'1560     0x4  startup_stm32f429xx.o [1]
  .text              ro code   0x800'1564     0x4  startup_stm32f429xx.o [1]
  .text              ro code   0x800'1568     0x4  startup_stm32f429xx.o [1]
  .text              ro code   0x800'156c     0x4  startup_stm32f429xx.o [1]
  .text              ro code   0x800'1570     0x4  startup_stm32f429xx.o [1]
  .text              ro code   0x800'1574     0x4  startup_stm32f429xx.o [1]
  .text              ro code   0x800'1578     0x4  startup_stm32f429xx.o [1]
  .text              ro code   0x800'157c     0x4  startup_stm32f429xx.o [1]
  .text              ro code   0x800'1580     0x4  startup_stm32f429xx.o [1]
  .text              ro code   0x800'1584     0x4  startup_stm32f429xx.o [1]
  .text              ro code   0x800'1588     0x4  startup_stm32f429xx.o [1]
  .text              ro code   0x800'158c     0x4  startup_stm32f429xx.o [1]
  .text              ro code   0x800'1590     0x4  startup_stm32f429xx.o [1]
  .text              ro code   0x800'1594     0x4  startup_stm32f429xx.o [1]
  .text              ro code   0x800'1598     0x4  startup_stm32f429xx.o [1]
  .text              ro code   0x800'159c     0x4  startup_stm32f429xx.o [1]
  .text              ro code   0x800'15a0     0x4  startup_stm32f429xx.o [1]
  .text              ro code   0x800'15a4     0x4  startup_stm32f429xx.o [1]
  .text              ro code   0x800'15a8     0x4  startup_stm32f429xx.o [1]
  .text              ro code   0x800'15ac     0x4  startup_stm32f429xx.o [1]
  .text              ro code   0x800'15b0     0x4  startup_stm32f429xx.o [1]
  .text              ro code   0x800'15b4     0x4  startup_stm32f429xx.o [1]
  .text              ro code   0x800'15b8     0x4  startup_stm32f429xx.o [1]
  .text              ro code   0x800'15bc     0x4  startup_stm32f429xx.o [1]
  .text              ro code   0x800'15c0     0x4  startup_stm32f429xx.o [1]
  .text              ro code   0x800'15c4     0x4  startup_stm32f429xx.o [1]
  .text              ro code   0x800'15c8     0x4  startup_stm32f429xx.o [1]
  .text              ro code   0x800'15cc     0x4  startup_stm32f429xx.o [1]
  .text              ro code   0x800'15d0     0x4  startup_stm32f429xx.o [1]
  .text              ro code   0x800'15d4     0x4  startup_stm32f429xx.o [1]
  .text              ro code   0x800'15d8     0x4  startup_stm32f429xx.o [1]
  .text              ro code   0x800'15dc     0x4  startup_stm32f429xx.o [1]
  .text              ro code   0x800'15e0     0x4  startup_stm32f429xx.o [1]
  .text              ro code   0x800'15e4     0x4  startup_stm32f429xx.o [1]
  .text              ro code   0x800'15e8     0x4  startup_stm32f429xx.o [1]
  .text              ro code   0x800'15ec     0x4  startup_stm32f429xx.o [1]
  .text              ro code   0x800'15f0     0x4  startup_stm32f429xx.o [1]
  .text              ro code   0x800'15f4     0x4  startup_stm32f429xx.o [1]
  .rodata            const     0x800'15f8     0x0  zero_init3.o [4]
  .rodata            const     0x800'15f8     0x0  copy_init3.o [4]
                             - 0x800'15f8  0x144c

"P2", part 1 of 3:                           0x10
  P2-1                        0x2000'0000    0x10  <Init block>
    .data            inited   0x2000'0000     0xc  stm32f4xx_hal.o [1]
    .data            inited   0x2000'000c     0x4  system_stm32f4xx.o [1]
                            - 0x2000'0010    0x10

"P2", part 2 of 3:                           0xd4
  .bss               zero     0x2000'0010    0x48  tim.o [1]
  .bss               zero     0x2000'0058    0x48  tim.o [1]
  .bss               zero     0x2000'00a0    0x44  usart.o [1]
                            - 0x2000'00e4    0xd4

"P2", part 3 of 3:                          0x400
  CSTACK                      0x2000'00e8   0x400  <Block>
    CSTACK           uninit   0x2000'00e8   0x400  <Block tail>
                            - 0x2000'04e8   0x400

Unused ranges:

         From           To       Size
         ----           --       ----
   0x800'15f8   0x81f'ffff  0x1f'ea08
  0x2000'00e4  0x2000'00e7        0x4
  0x2000'04e8  0x2002'ffff   0x2'fb18


*******************************************************************************
*** INIT TABLE
***

          Address      Size
          -------      ----
Zero (__iar_zero_init3)
    1 destination range, total size 0xd4:
          0x2000'0010  0xd4

Copy (__iar_copy_init3)
    1 source range, total size 0x10:
           0x800'146c  0x10
    1 destination range, total size 0x10:
          0x2000'0000  0x10



*******************************************************************************
*** MODULE SUMMARY
***

    Module                  ro code  ro data  rw data
    ------                  -------  -------  -------
command line/config:
    -------------------------------------------------
    Total:

C:\github\Lockdown\EWARM\Lockdown\Obj: [1]
    gpio.o                      266
    main.o                      216
    startup_stm32f429xx.o       804
    stm32f4xx_hal.o             144       12       12
    stm32f4xx_hal_cortex.o      172
    stm32f4xx_hal_gpio.o        532
    stm32f4xx_hal_msp.o          56
    stm32f4xx_hal_rcc.o       1'224
    stm32f4xx_hal_tim.o         576
    stm32f4xx_hal_tim_ex.o      140
    stm32f4xx_hal_uart.o        320
    stm32f4xx_it.o               20
    system_stm32f4xx.o           32       12        4
    tim.o                       244               144
    usart.o                     164                68
    -------------------------------------------------
    Total:                    4'910       24      228

dl7M_tln.a: [2]
    exit.o                        4
    low_level_init.o              4
    -------------------------------------------------
    Total:                        8

m7M_tls.a: [3]
    fpinit_M.o                   34
    -------------------------------------------------
    Total:                       34

rt7M_tl.a: [4]
    ABImemset.o                 102
    I64DivMod_small.o           262
    I64DivZer.o                   2
    cexit.o                      10
    cmain.o                      30
    copy_init3.o                 46
    cstartup_M.o                 12
    data_init.o                  40
    memset.o                     20
    zero_init3.o                 58
    -------------------------------------------------
    Total:                      582

shb_l.a: [5]
    exit.o                       20
    -------------------------------------------------
    Total:                       20

    Gaps                          8        2
    Linker created                        36    1'024
-----------------------------------------------------
    Grand Total:              5'562       62    1'252


*******************************************************************************
*** ENTRY LIST
***

Entry                       Address   Size  Type      Object
-----                       -------   ----  ----      ------
.iar.init_table$$Base    0x800'13ac          --   Gb  - Linker created -
.iar.init_table$$Limit   0x800'13d0          --   Gb  - Linker created -
?main                    0x800'13f1         Code  Gb  cmain.o [4]
AHBPrescTable            0x800'13e0   0x10  Data  Gb  system_stm32f4xx.o [1]
APBPrescTable            0x800'1488    0x8  Data  Gb  system_stm32f4xx.o [1]
BusFault_Handler         0x800'143f    0x2  Code  Gb  stm32f4xx_it.o [1]
CSTACK$$Base            0x2000'00e8          --   Gb  - Linker created -
CSTACK$$Limit           0x2000'04e8          --   Gb  - Linker created -
DebugMon_Handler         0x800'1445    0x2  Code  Gb  stm32f4xx_it.o [1]
Error_Handler            0x800'08f1    0x4  Code  Gb  main.o [1]
HAL_GPIO_Init            0x800'0c31  0x1d8  Code  Gb  stm32f4xx_hal_gpio.o [1]
HAL_GPIO_WritePin        0x800'0e09    0x8  Code  Gb  stm32f4xx_hal_gpio.o [1]
HAL_GetTick              0x800'04c9    0xc  Code  Wk  stm32f4xx_hal.o [1]
HAL_IncTick              0x800'144d   0x10  Code  Wk  stm32f4xx_hal.o [1]
HAL_Init                 0x800'0a21   0x30  Code  Gb  stm32f4xx_hal.o [1]
HAL_InitTick             0x800'109d   0x40  Code  Wk  stm32f4xx_hal.o [1]
HAL_MspInit              0x800'10dd   0x38  Code  Gb  stm32f4xx_hal_msp.o [1]
HAL_NVIC_SetPriority     0x800'1025   0x3a  Code  Gb  stm32f4xx_hal_cortex.o [1]
HAL_NVIC_SetPriorityGrouping
                         0x800'100b   0x1a  Code  Gb  stm32f4xx_hal_cortex.o [1]
HAL_RCC_ClockConfig      0x800'0e45  0x100  Code  Gb  stm32f4xx_hal_rcc.o [1]
HAL_RCC_GetPCLK1Freq     0x800'0f51   0x10  Code  Gb  stm32f4xx_hal_rcc.o [1]
HAL_RCC_GetPCLK2Freq     0x800'0f61    0xe  Code  Gb  stm32f4xx_hal_rcc.o [1]
HAL_RCC_OscConfig        0x800'01ad  0x31c  Code  Wk  stm32f4xx_hal_rcc.o [1]
HAL_SYSTICK_Config       0x800'105f   0x28  Code  Gb  stm32f4xx_hal_cortex.o [1]
HAL_TIMEx_MasterConfigSynchronization
                         0x800'08f5   0x6e  Code  Gb  stm32f4xx_hal_tim_ex.o [1]
HAL_TIM_Base_Init        0x800'04d5   0x1a  Code  Gb  stm32f4xx_hal_tim.o [1]
HAL_TIM_Base_MspInit     0x800'07b7   0x40  Code  Gb  tim.o [1]
HAL_TIM_ConfigClockSource
                         0x800'051d   0xaa  Code  Gb  stm32f4xx_hal_tim.o [1]
HAL_UART_Init            0x800'1115   0x1e  Code  Gb  stm32f4xx_hal_uart.o [1]
HAL_UART_MspInit         0x800'0bbb   0x66  Code  Gb  usart.o [1]
HardFault_Handler        0x800'143b    0x2  Code  Gb  stm32f4xx_it.o [1]
MX_GPIO_Init             0x800'0a55   0xee  Code  Gb  gpio.o [1]
MX_TIM2_Init             0x800'0715   0x58  Code  Gb  tim.o [1]
MX_TIM6_Init             0x800'076d   0x32  Code  Gb  tim.o [1]
MX_USART3_UART_Init      0x800'0b8d   0x2e  Code  Gb  usart.o [1]
MemManage_Handler        0x800'143d    0x2  Code  Gb  stm32f4xx_it.o [1]
NMI_Handler              0x800'1439    0x2  Code  Gb  stm32f4xx_it.o [1]
PendSV_Handler           0x800'1447    0x2  Code  Gb  stm32f4xx_it.o [1]
Region$$Table$$Base      0x800'13ac          --   Gb  - Linker created -
Region$$Table$$Limit     0x800'13d0          --   Gb  - Linker created -
SVC_Handler              0x800'1443    0x2  Code  Gb  stm32f4xx_it.o [1]
SysTick_Handler          0x800'1449    0x4  Code  Gb  stm32f4xx_it.o [1]
SystemClock_Config       0x800'0843   0xa2  Code  Gb  main.o [1]
SystemCoreClock         0x2000'000c    0x4  Data  Gb  system_stm32f4xx.o [1]
SystemInit               0x800'13d1    0xc  Code  Gb  system_stm32f4xx.o [1]
TIM_Base_SetConfig       0x800'05e1   0x96  Code  Gb  stm32f4xx_hal_tim.o [1]
TIM_ETR_SetConfig        0x800'06fb   0x14  Code  Gb  stm32f4xx_hal_tim.o [1]
TIM_ITRx_SetConfig       0x800'06eb   0x10  Code  Lc  stm32f4xx_hal_tim.o [1]
TIM_TI1_ConfigInputStage
                         0x800'06a9   0x1e  Code  Lc  stm32f4xx_hal_tim.o [1]
TIM_TI2_ConfigInputStage
                         0x800'06c7   0x24  Code  Lc  stm32f4xx_hal_tim.o [1]
UART_SetConfig           0x800'118b   0xae  Code  Lc  stm32f4xx_hal_uart.o [1]
UsageFault_Handler       0x800'1441    0x2  Code  Gb  stm32f4xx_it.o [1]
__NVIC_SetPriority       0x800'0ff1   0x1a  Code  Lc  stm32f4xx_hal_cortex.o [1]
__aeabi_ldiv0            0x800'135d         Code  Gb  I64DivZer.o [4]
__aeabi_memset           0x800'0981         Code  Gb  ABImemset.o [4]
__cmain                  0x800'13f1         Code  Gb  cmain.o [4]
__exit                   0x800'1425   0x14  Code  Gb  exit.o [5]
__iar_Memset             0x800'0981         Code  Gb  ABImemset.o [4]
__iar_Memset_word        0x800'0989         Code  Gb  ABImemset.o [4]
__iar_copy_init3         0x800'0b5f   0x2e  Code  Gb  copy_init3.o [4]
__iar_data_init3         0x800'1361   0x28  Code  Gb  data_init.o [4]
__iar_init_vfp           0x800'1389         Code  Gb  fpinit_M.o [3]
__iar_program_start      0x800'147d         Code  Gb  cstartup_M.o [4]
__iar_small_uldivmod     0x800'1255         Code  Gb  I64DivMod_small.o [4]
__iar_zero_init3         0x800'09e7   0x3a  Code  Gb  zero_init3.o [4]
__low_level_init         0x800'140f    0x4  Code  Gb  low_level_init.o [2]
__vector_table           0x800'0000         Data  Gb  startup_stm32f429xx.o [1]
_call_main               0x800'13fd         Code  Gb  cmain.o [4]
_exit                    0x800'1419         Code  Gb  cexit.o [4]
_main                    0x800'140b         Code  Gb  cmain.o [4]
exit                     0x800'1413    0x4  Code  Gb  exit.o [2]
htim2                   0x2000'0010   0x48  Data  Gb  tim.o [1]
htim6                   0x2000'0058   0x48  Data  Gb  tim.o [1]
huart3                  0x2000'00a0   0x44  Data  Gb  usart.o [1]
main                     0x800'081d   0x26  Code  Gb  main.o [1]
memset                   0x800'0809   0x14  Code  Gb  memset.o [4]
uwTick                  0x2000'0004    0x4  Data  Gb  stm32f4xx_hal.o [1]
uwTickFreq              0x2000'0000    0x1  Data  Gb  stm32f4xx_hal.o [1]
uwTickPrio              0x2000'0008    0x4  Data  Gb  stm32f4xx_hal.o [1]


[1] = C:\github\Lockdown\EWARM\Lockdown\Obj
[2] = dl7M_tln.a
[3] = m7M_tls.a
[4] = rt7M_tl.a
[5] = shb_l.a

  5'562 bytes of readonly  code memory
     62 bytes of readonly  data memory
  1'252 bytes of readwrite data memory

Errors: none
Warnings: none
